npm : Using Node v16.20
.1
所在位置 行:1 字符: 1
+ npm run build 2> buil
d_error.log
+ ~~~~~~~~~~~~~~~~~~~~~
~~~~~~~~~~~
    + CategoryInfo     
     : NotSpecified: (U
sin    g Node v16.20.1:
String) [], RemoteExcep
tion
    + FullyQualifiedErr
orId : NativeCommandErr
or
 
Using Node v16.20.1
